RUN=1
main_secure_flag=PASS
main_obscured_touch_filter=PASS
startup_retry=PASS
biometric_before_authorization=PASS
authorization_before_confirmation=PASS
confirmation_before_wipe=PASS
wipe_success_relocks=PASS
reducer_cancel_resets=PASS
reducer_wipe_failure_is_failed=PASS
security_center_not_verified=PASS
browser_secure_flag=PASS
browser_obscured_touch_filter=PASS
browser_no_file_access=PASS
browser_no_universal_file_access=PASS
browser_no_mixed_content=PASS
browser_no_third_party_cookies=PASS
browser_url_policy=PASS
profile_store_exists=PASS
profile_create_handler=PASS
profile_edit_handler=PASS
profile_duplicate_handler=PASS
profile_delete_handler=PASS
profile_activation_stays_blocked=PASS
launcher_task_affinity_empty=PASS
launcher_single_instance=PASS
cleartext_disabled=PASS
backup_disabled=PASS
workflow_exists=PASS
manual_dispatch=PASS
matrix_fail_fast_disabled=PASS
api_matrix=PASS
google_apis_target=PASS
low_ram_profile=PASS
contents_read_only=PASS
kvm_fail_closed=PASS
emulator_runner=PASS
instrumentation_command=PASS
runtime_artifacts=PASS
failure_screenshot=PASS
failure_bugreport=PASS
pcap_is_explicit=PASS
test_exit_preserved=PASS
no_provider_secrets=PASS
no_paid_cloud_action=PASS
To honour the JVM settings for this build a single-use Daemon process will be forked. For more on this, please refer to https://docs.gradle.org/9.5.1/userguide/gradle_daemon.html#sec:disabling_the_daemon in the Gradle documentation.
Daemon will be stopped at the end of the build 
> Task :app:preBuild UP-TO-DATE
> Task :app:preDebugBuild UP-TO-DATE
> Task :app:generateDebugResources UP-TO-DATE
> Task :app:packageDebugResources UP-TO-DATE
> Task :app:processDebugNavigationResources UP-TO-DATE
> Task :app:parseDebugLocalResources UP-TO-DATE
> Task :app:generateDebugRFile UP-TO-DATE
> Task :app:compileDebugKotlin UP-TO-DATE
> Task :app:javaPreCompileDebug UP-TO-DATE
> Task :app:compileDebugJavaWithJavac NO-SOURCE
> Task :app:checkDebugAarMetadata UP-TO-DATE
> Task :app:mapDebugSourceSetPaths UP-TO-DATE
> Task :app:compileDebugNavigationResources UP-TO-DATE
> Task :app:mergeDebugResources UP-TO-DATE
> Task :app:createDebugCompatibleScreenManifests UP-TO-DATE
> Task :app:extractDeepLinksDebug UP-TO-DATE
> Task :app:processDebugMainManifest UP-TO-DATE
> Task :app:processDebugManifest UP-TO-DATE
> Task :app:processDebugManifestForPackage UP-TO-DATE
> Task :app:processDebugResources UP-TO-DATE
> Task :app:bundleDebugClassesToRuntimeJar UP-TO-DATE
> Task :app:bundleDebugClassesToCompileJar UP-TO-DATE
> Task :app:preDebugUnitTestBuild UP-TO-DATE
> Task :app:compileDebugUnitTestKotlin UP-TO-DATE
> Task :app:javaPreCompileDebugUnitTest UP-TO-DATE
> Task :app:compileDebugUnitTestJavaWithJavac NO-SOURCE
> Task :app:processDebugJavaRes UP-TO-DATE
> Task :app:processDebugUnitTestJavaRes UP-TO-DATE
> Task :app:testDebugUnitTest UP-TO-DATE

BUILD SUCCESSFUL in 11s
24 actionable tasks: 24 up-to-date
Consider enabling configuration cache to speed up this build: https://docs.gradle.org/9.5.1/userguide/configuration_cache_enabling.html
ui_rc=0 workflow_rc=0 gradle_rc=0
