{
  "apk_sha256": "906cf08b86fd437557d3075bc397992dfe40f6a89532a1b2639db96a7607c5e7",
  "results": [
    {
      "device_id": "",
      "provider": "Firebase Test Lab",
      "manufacturer": "",
      "model": "",
      "android_version": "",
      "sdk": "",
      "abi": "",
      "ram": "",
      "screen": "",
      "resolution": "",
      "dpi": "",
      "test_suite": "preflight",
      "test_id": "provider_prerequisite",
      "status": "BLOCKED",
      "duration": "",
      "crashes": "",
      "anr": "",
      "logs": "",
      "screenshots": "",
      "video": "",
      "timestamp": "2026-08-27T06:54:55.721102+00:00",
      "apk_sha256": "906cf08b86fd437557d3075bc397992dfe40f6a89532a1b2639db96a7607c5e7",
      "blocker": "missing prerequisite: GOOGLE_CLOUD_PROJECT or GCLOUD_PROJECT, active gcloud account or GOOGLE_APPLICATION_CREDENTIALS"
    },
    {
      "device_id": "",
      "provider": "AWS Device Farm",
      "manufacturer": "",
      "model": "",
      "android_version": "",
      "sdk": "",
      "abi": "",
      "ram": "",
      "screen": "",
      "resolution": "",
      "dpi": "",
      "test_suite": "preflight",
      "test_id": "provider_prerequisite",
      "status": "BLOCKED",
      "duration": "",
      "crashes": "",
      "anr": "",
      "logs": "",
      "screenshots": "",
      "video": "",
      "timestamp": "2026-08-27T06:54:55.721102+00:00",
      "apk_sha256": "906cf08b86fd437557d3075bc397992dfe40f6a89532a1b2639db96a7607c5e7",
      "blocker": "missing prerequisite: AWS_ACCESS_KEY_ID, AWS_SECRET_ACCESS_KEY, AWS_DEFAULT_REGION, AWS_DEVICE_FARM_PROJECT_ARN, AWS_DEVICE_FARM_DEVICE_POOL_ARN"
    },
    {
      "device_id": "",
      "provider": "BrowserStack Real Device Cloud",
      "manufacturer": "",
      "model": "",
      "android_version": "",
      "sdk": "",
      "abi": "",
      "ram": "",
      "screen": "",
      "resolution": "",
      "dpi": "",
      "test_suite": "preflight",
      "test_id": "provider_prerequisite",
      "status": "BLOCKED",
      "duration": "",
      "crashes": "",
      "anr": "",
      "logs": "",
      "screenshots": "",
      "video": "",
      "timestamp": "2026-08-27T06:54:55.721102+00:00",
      "apk_sha256": "906cf08b86fd437557d3075bc397992dfe40f6a89532a1b2639db96a7607c5e7",
      "blocker": "missing prerequisite: BROWSERSTACK_USERNAME, BROWSERSTACK_ACCESS_KEY, BROWSERSTACK_APPIUM_SERVER_URL"
    },
    {
      "device_id": "",
      "provider": "Kobiton Real Device Cloud",
      "manufacturer": "",
      "model": "",
      "android_version": "",
      "sdk": "",
      "abi": "",
      "ram": "",
      "screen": "",
      "resolution": "",
      "dpi": "",
      "test_suite": "preflight",
      "test_id": "provider_prerequisite",
      "status": "BLOCKED",
      "duration": "",
      "crashes": "",
      "anr": "",
      "logs": "",
      "screenshots": "",
      "video": "",
      "timestamp": "2026-08-27T06:54:55.721102+00:00",
      "apk_sha256": "906cf08b86fd437557d3075bc397992dfe40f6a89532a1b2639db96a7607c5e7",
      "blocker": "missing prerequisite: KOBITON_USERNAME, KOBITON_API_KEY, KOBITON_APPIUM_SERVER_URL"
    },
    {
      "device_id": "",
      "provider": "Sauce Labs Real Device Cloud",
      "manufacturer": "",
      "model": "",
      "android_version": "",
      "sdk": "",
      "abi": "",
      "ram": "",
      "screen": "",
      "resolution": "",
      "dpi": "",
      "test_suite": "preflight",
      "test_id": "provider_prerequisite",
      "status": "BLOCKED",
      "duration": "",
      "crashes": "",
      "anr": "",
      "logs": "",
      "screenshots": "",
      "video": "",
      "timestamp": "2026-08-27T06:54:55.721102+00:00",
      "apk_sha256": "906cf08b86fd437557d3075bc397992dfe40f6a89532a1b2639db96a7607c5e7",
      "blocker": "missing prerequisite: SAUCE_USERNAME, SAUCE_ACCESS_KEY, SAUCE_APPIUM_SERVER_URL"
    },
    {
      "device_id": "",
      "provider": "Perfecto Real Device Cloud",
      "manufacturer": "",
      "model": "",
      "android_version": "",
      "sdk": "",
      "abi": "",
      "ram": "",
      "screen": "",
      "resolution": "",
      "dpi": "",
      "test_suite": "preflight",
      "test_id": "provider_prerequisite",
      "status": "BLOCKED",
      "duration": "",
      "crashes": "",
      "anr": "",
      "logs": "",
      "screenshots": "",
      "video": "",
      "timestamp": "2026-08-27T06:54:55.721102+00:00",
      "apk_sha256": "906cf08b86fd437557d3075bc397992dfe40f6a89532a1b2639db96a7607c5e7",
      "blocker": "missing prerequisite: PERFECTO_CLOUD_NAME, PERFECTO_SECURITY_TOKEN"
    }
  ],
  "planned_matrix_rows": 126,
  "output_dir": "/home/ubuntu/DarkMed/reports/ci/20260827T064931Z/orchestrator"
}
