To honour the JVM settings for this build a single-use Daemon process will be forked. For more on this, please refer to https://docs.gradle.org/9.5.1/userguide/gradle_daemon.html#sec:disabling_the_daemon in the Gradle documentation.
Daemon will be stopped at the end of the build 
> Task :app:preBuild UP-TO-DATE
> Task :app:preReleaseBuild UP-TO-DATE
> Task :app:generateReleaseResources
> Task :app:packageReleaseResources
> Task :app:processReleaseNavigationResources
> Task :app:extractProguardFiles UP-TO-DATE
> Task :app:javaPreCompileRelease
> Task :app:extractDeepLinksRelease
> Task :app:parseReleaseLocalResources
> Task :app:processReleaseMainManifest
> Task :app:generateReleaseRFile

> Task :app:compileReleaseKotlin
w: file:///home/ubuntu/DarkMed/app/src/main/java/com/darkmed/app/core/BrowserSessionActivity.kt:71:18 'fun setAllowFileAccessFromFileURLs(p0: Boolean): Unit' is deprecated. Deprecated in Java.
w: file:///home/ubuntu/DarkMed/app/src/main/java/com/darkmed/app/core/BrowserSessionActivity.kt:72:18 'fun setAllowUniversalAccessFromFileURLs(p0: Boolean): Unit' is deprecated. Deprecated in Java.

> Task :app:compileReleaseJavaWithJavac NO-SOURCE
> Task :app:generateReleaseLintReportModel
> Task :app:lintAnalyzeRelease

> Task :app:lintReportRelease
Wrote HTML report to file:///home/ubuntu/DarkMed/app/build/reports/lint-results-release.html
Wrote SARIF report to file:///home/ubuntu/DarkMed/app/build/reports/lint-results-release.sarif

> Task :app:lintRelease

BUILD SUCCESSFUL in 58s
14 actionable tasks: 13 executed, 1 up-to-date
Consider enabling configuration cache to speed up this build: https://docs.gradle.org/9.5.1/userguide/configuration_cache_enabling.html
