To honour the JVM settings for this build a single-use Daemon process will be forked. For more on this, please refer to https://docs.gradle.org/9.5.1/userguide/gradle_daemon.html#sec:disabling_the_daemon in the Gradle documentation.
Daemon will be stopped at the end of the build 
> Task :app:preBuild UP-TO-DATE
> Task :app:preDebugBuild UP-TO-DATE
> Task :app:generateDebugResources UP-TO-DATE
> Task :app:packageDebugResources UP-TO-DATE
> Task :app:processDebugNavigationResources UP-TO-DATE
> Task :app:parseDebugLocalResources UP-TO-DATE
> Task :app:generateDebugRFile UP-TO-DATE
> Task :app:compileDebugKotlin UP-TO-DATE
> Task :app:javaPreCompileDebug UP-TO-DATE
> Task :app:compileDebugJavaWithJavac NO-SOURCE
> Task :app:checkDebugAarMetadata UP-TO-DATE
> Task :app:mapDebugSourceSetPaths UP-TO-DATE
> Task :app:compileDebugNavigationResources UP-TO-DATE
> Task :app:mergeDebugResources UP-TO-DATE
> Task :app:createDebugCompatibleScreenManifests UP-TO-DATE
> Task :app:extractDeepLinksDebug UP-TO-DATE
> Task :app:processDebugMainManifest UP-TO-DATE
> Task :app:processDebugManifest UP-TO-DATE
> Task :app:processDebugManifestForPackage UP-TO-DATE
> Task :app:processDebugResources UP-TO-DATE
> Task :app:bundleDebugClassesToCompileJar UP-TO-DATE
> Task :app:preDebugAndroidTestBuild SKIPPED
> Task :app:generateDebugAndroidTestResources UP-TO-DATE
> Task :app:packageDebugAndroidTestResources UP-TO-DATE
> Task :app:processDebugAndroidTestNavigationResources UP-TO-DATE
> Task :app:parseDebugAndroidTestLocalResources UP-TO-DATE
> Task :app:generateDebugAndroidTestRFile UP-TO-DATE
> Task :app:compileDebugAndroidTestKotlin UP-TO-DATE
> Task :app:javaPreCompileDebugAndroidTest UP-TO-DATE
> Task :app:compileDebugAndroidTestJavaWithJavac NO-SOURCE
> Task :app:generateDebugAssets UP-TO-DATE
> Task :app:mergeDebugAssets UP-TO-DATE
> Task :app:compressDebugAssets UP-TO-DATE
> Task :app:generateDebugGlobalSynthetics UP-TO-DATE
> Task :app:processDebugJavaRes UP-TO-DATE
> Task :app:mergeDebugJavaResource UP-TO-DATE
> Task :app:checkDebugDuplicateClasses UP-TO-DATE
> Task :app:desugarDebugFileDependencies UP-TO-DATE
> Task :app:mergeExtDexDebug UP-TO-DATE
> Task :app:mergeLibDexDebug UP-TO-DATE
> Task :app:dexBuilderDebug UP-TO-DATE
> Task :app:mergeProjectDexDebug UP-TO-DATE
> Task :app:configureNdkBuildDebug[arm64-v8a]

> Task :app:buildNdkBuildDebug[arm64-v8a]
C/C++: fatal: not a git repository (or any of the parent directories): .git

> Task :app:configureNdkBuildDebug[armeabi-v7a]

> Task :app:buildNdkBuildDebug[armeabi-v7a]
C/C++: fatal: not a git repository (or any of the parent directories): .git

> Task :app:configureNdkBuildDebug[x86]

> Task :app:buildNdkBuildDebug[x86]
C/C++: fatal: not a git repository (or any of the parent directories): .git

> Task :app:configureNdkBuildDebug[x86_64]

> Task :app:buildNdkBuildDebug[x86_64]
C/C++: fatal: not a git repository (or any of the parent directories): .git

> Task :app:mergeDebugJniLibFolders UP-TO-DATE
> Task :app:mergeDebugNativeLibs UP-TO-DATE
> Task :app:stripDebugDebugSymbols UP-TO-DATE
> Task :app:validateSigningDebug UP-TO-DATE
> Task :app:writeDebugAppMetadata UP-TO-DATE
> Task :app:writeDebugSigningConfigVersions UP-TO-DATE
> Task :app:packageDebug UP-TO-DATE
> Task :app:createDebugApkListingFileRedirect UP-TO-DATE
> Task :app:generateDebugAndroidTestAssets UP-TO-DATE
> Task :app:mergeDebugAndroidTestAssets UP-TO-DATE
> Task :app:compressDebugAndroidTestAssets UP-TO-DATE
> Task :app:generateDebugAndroidTestGlobalSynthetics UP-TO-DATE
> Task :app:processDebugAndroidTestJavaRes UP-TO-DATE
> Task :app:mergeDebugAndroidTestJavaResource UP-TO-DATE
> Task :app:checkDebugAndroidTestDuplicateClasses UP-TO-DATE
> Task :app:desugarDebugAndroidTestFileDependencies UP-TO-DATE
> Task :app:mergeExtDexDebugAndroidTest UP-TO-DATE
> Task :app:mergeLibDexDebugAndroidTest UP-TO-DATE
> Task :app:checkDebugAndroidTestAarMetadata UP-TO-DATE
> Task :app:mapDebugAndroidTestSourceSetPaths UP-TO-DATE
> Task :app:compileDebugAndroidTestNavigationResources UP-TO-DATE
> Task :app:mergeDebugAndroidTestResources UP-TO-DATE
> Task :app:mergeDebugAndroidTestManifest UP-TO-DATE
> Task :app:processDebugAndroidTestManifest UP-TO-DATE
> Task :app:processDebugAndroidTestResources UP-TO-DATE
> Task :app:dexBuilderDebugAndroidTest UP-TO-DATE
> Task :app:mergeProjectDexDebugAndroidTest UP-TO-DATE
> Task :app:mergeDebugAndroidTestJniLibFolders UP-TO-DATE
> Task :app:mergeDebugAndroidTestNativeLibs NO-SOURCE
> Task :app:stripDebugAndroidTestDebugSymbols NO-SOURCE
> Task :app:validateSigningDebugAndroidTest UP-TO-DATE
> Task :app:writeDebugAndroidTestSigningConfigVersions UP-TO-DATE
> Task :app:packageDebugAndroidTest UP-TO-DATE
> Task :app:createDebugAndroidTestApkListingFileRedirect UP-TO-DATE
> Task :app:connectedDebugAndroidTest

03:55:09 E/SplitApkInstallerBase: Failed to commit install session 1035017111 with command package install-commit 1035017111. Error: Unknown failure: cmd: Failure calling service package: Broken pipe (32)
Test execution failed with fatal error!
com.google.testing.platform.core.error.UtpException: ErrorName: PLUGIN_ERROR
NameSpace: com.google.testing.platform
ErrorCode: 2002
ErrorType: TEST
Message: ErrorName: UNKNOWN
NameSpace: DdmlibAndroidDeviceController
ErrorCode: 1
ErrorType: TEST
Message: Failed to install split APK(s): [/home/ubuntu/DarkMed/app/build/outputs/apk/debug/app-debug.apk]
	at com.google.testing.platform.plugin.PluginLifecycleKt.invokeOrThrow(PluginLifecycle.kt:553)
	at com.google.testing.platform.plugin.PluginLifecycleKt.invokeOrThrow$default(PluginLifecycle.kt:519)
	at com.google.testing.platform.plugin.PluginLifecycle$onBeforeAll$1$1.invoke(PluginLifecycle.kt:241)
	at com.google.testing.platform.plugin.PluginLifecycle$onBeforeAll$1$1.invoke(PluginLifecycle.kt:235)
	at com.google.testing.platform.core.telemetry.common.noop.NoopDiagnosticsScope.recordEvent(NoopDiagnosticsScope.kt:35)
	at com.google.testing.platform.core.telemetry.SequentialEventRecordRequest.record$java_com_google_testing_platform_core_telemetry_telemetry_api(EventRecordRequest.kt:71)
	at com.google.testing.platform.core.telemetry.DiagnosticsExtKt.record(DiagnosticsExt.kt:27)
	at com.google.testing.platform.core.telemetry.TelemetryKt.createEvent(Telemetry.kt:60)
	at com.google.testing.platform.plugin.PluginLifecycle.onBeforeAll(PluginLifecycle.kt:233)
	at com.google.testing.platform.executor.SingleDeviceExecutor$execute$2$1.invoke(SingleDeviceExecutor.kt:170)
	at com.google.testing.platform.executor.SingleDeviceExecutor$execute$2$1.invoke(SingleDeviceExecutor.kt:170)
	at com.google.testing.platform.lib.cancellation.ProcessCancellationContext.runUnlessCancelled(ProcessCancellationContext.kt:159)
	at com.google.testing.platform.executor.SingleDeviceExecutor.execute(SingleDeviceExecutor.kt:170)
	at com.google.testing.platform.RunnerImpl.run(RunnerImpl.kt:132)
	at com.google.testing.platform.server.strategy.NonInteractiveServerStrategy$run$exitCode$1$2.invoke(NonInteractiveServerStrategy.kt:126)
	at com.google.testing.platform.server.strategy.NonInteractiveServerStrategy$run$exitCode$1$2.invoke(NonInteractiveServerStrategy.kt:126)
	at com.google.testing.platform.core.telemetry.common.noop.NoopDiagnosticsScope.recordEvent(NoopDiagnosticsScope.kt:35)
	at com.google.testing.platform.core.telemetry.SequentialEventRecordRequest.record$java_com_google_testing_platform_core_telemetry_telemetry_api(EventRecordRequest.kt:71)
	at com.google.testing.platform.core.telemetry.DiagnosticsExtKt.record(DiagnosticsExt.kt:27)
	at com.google.testing.platform.core.telemetry.TelemetryKt.createEvent(Telemetry.kt:60)
	at com.google.testing.platform.server.strategy.NonInteractiveServerStrategy.run(NonInteractiveServerStrategy.kt:123)
	at com.google.testing.platform.main.MainKt$main$3$1.invokeSuspend(Main.kt:80)
	at kotlin.coroutines.jvm.internal.BaseContinuationImpl.resumeWith(ContinuationImpl.kt:34)
	at kotlinx.coroutines.DispatchedTask.run(DispatchedTask.kt:108)
	at java.base@21.0.11/java.util.concurrent.ThreadPoolExecutor.runWorker(ThreadPoolExecutor.java:1144)
	at java.base@21.0.11/java.util.concurrent.ThreadPoolExecutor$Worker.run(ThreadPoolExecutor.java:642)
	at java.base@21.0.11/java.lang.Thread.run(Thread.java:1583)
Caused by: com.google.testing.platform.core.error.UtpException: ErrorName: UNKNOWN
NameSpace: DdmlibAndroidDeviceController
ErrorCode: 1
ErrorType: TEST
Message: Failed to install split APK(s): [/home/ubuntu/DarkMed/app/build/outputs/apk/debug/app-debug.apk]
	at com.android.tools.utp.plugins.deviceprovider.ddmlib.DdmlibAndroidDeviceController$executeAsync$deferred$1.invokeSuspend(DdmlibAndroidDeviceController.kt:273)
	... 5 more
Caused by: com.android.ddmlib.InstallException: Failed to commit install session 1035017111 with command package install-commit 1035017111. Error: Unknown failure: cmd: Failure calling service package: Broken pipe (32)
	at com.android.ddmlib.SplitApkInstallerBase.installCommit(SplitApkInstallerBase.java:171)
	at com.android.ddmlib.SplitApkInstaller.install(SplitApkInstaller.java:85)
	at com.android.ddmlib.IDeviceSharedImpl.installPackages(IDeviceSharedImpl.java:395)
	at com.android.ddmlib.internal.DeviceImpl.lambda$installPackages$34(DeviceImpl.java:1491)
	at com.android.ddmlib.internal.DeviceImpl.logRun3(DeviceImpl.java:1833)
	at com.android.ddmlib.internal.DeviceImpl.installPackages(DeviceImpl.java:1488)
	at com.android.ddmlib.internal.DeviceImpl.lambda$installPackages$35(DeviceImpl.java:1503)
	at com.android.ddmlib.internal.DeviceImpl.logRun3(DeviceImpl.java:1833)
	at com.android.ddmlib.internal.DeviceImpl.installPackages(DeviceImpl.java:1499)
	at com.android.tools.utp.plugins.deviceprovider.ddmlib.DdmlibAndroidDevice.installPackages(DdmlibAndroidDevice.kt:80)
	at com.android.tools.utp.plugins.deviceprovider.ddmlib.DdmlibAndroidDeviceController$executeAsync$deferred$1.invokeSuspend(DdmlibAndroidDeviceController.kt:251)
	... 5 more
Shell command failed (20): am get-current-user
cmd: Can't find service: activity
Shell command failed (20): am broadcast -a android.intent.action.MEDIA_SCANNER_SCAN_FILE -d file:///sdcard/Android/media/com.darkmed.app/additional_test_output
cmd: Can't find service: activity
Shell command failed (20): am get-current-user
cmd: Can't find service: activity
Shell command failed (20): am broadcast -a android.intent.action.MEDIA_SCANNER_SCAN_FILE -d file:///sdcard/googletest/test_outputfiles
cmd: Can't find service: activity
Device emulator-5554 failed to uninstall test APK com.darkmed.app.
[cmd: Can't find service: package]
Device emulator-5554 failed to uninstall test APK com.darkmed.app.test.
[cmd: Can't find service: package]
Starting 0 tests on darkmed_api34(AVD) - 14
Finished 0 tests on darkmed_api34(AVD) - 14

> Task :app:connectedDebugAndroidTest
ErrorName: UNKNOWN
NameSpace: DdmlibAndroidDeviceController
ErrorCode: 1
ErrorType: TEST
Message: Failed to install split APK(s): [/home/ubuntu/DarkMed/app/build/outputs/apk/debug/app-debug.apk]
Failed to install split APK(s): [/home/ubuntu/DarkMed/app/build/outputs/apk/debug/app-debug.apk]
Failed to commit install session 1035017111 with command package install-commit 1035017111. Error: Unknown failure: cmd: Failure calling service package: Broken pipe (32)
com.android.ddmlib.InstallException: Failed to commit install session 1035017111 with command package install-commit 1035017111. Error: Unknown failure: cmd: Failure calling service package: Broken pipe (32)
	at com.android.ddmlib.SplitApkInstallerBase.installCommit(SplitApkInstallerBase.java:171)
	at com.android.ddmlib.SplitApkInstaller.install(SplitApkInstaller.java:85)
	at com.android.ddmlib.IDeviceSharedImpl.installPackages(IDeviceSharedImpl.java:395)
	at com.android.ddmlib.internal.DeviceImpl.lambda$installPackages$34(DeviceImpl.java:1491)
	at com.android.ddmlib.internal.DeviceImpl.logRun3(DeviceImpl.java:1833)
	at com.android.ddmlib.internal.DeviceImpl.installPackages(DeviceImpl.java:1488)
	at com.android.ddmlib.internal.DeviceImpl.lambda$installPackages$35(DeviceImpl.java:1503)
	at com.android.ddmlib.internal.DeviceImpl.logRun3(DeviceImpl.java:1833)
	at com.android.ddmlib.internal.DeviceImpl.installPackages(DeviceImpl.java:1499)
	at com.android.tools.utp.plugins.deviceprovider.ddmlib.DdmlibAndroidDevice.installPackages(DdmlibAndroidDevice.kt:80)
	at com.android.tools.utp.plugins.deviceprovider.ddmlib.DdmlibAndroidDeviceController$executeAsync$deferred$1.invokeSuspend(DdmlibAndroidDeviceController.kt:251)
	at kotlin.coroutines.jvm.internal.BaseContinuationImpl.resumeWith(ContinuationImpl.kt:34)
	at kotlinx.coroutines.DispatchedTask.run(DispatchedTask.kt:108)
	at java.base/java.util.concurrent.ThreadPoolExecutor.runWorker(ThreadPoolExecutor.java:1144)
	at java.base/java.util.concurrent.ThreadPoolExecutor$Worker.run(ThreadPoolExecutor.java:642)
	at java.base/java.lang.Thread.run(Thread.java:1583)


> Task :app:connectedDebugAndroidTest FAILED

FAILURE: Build failed with an exception.

* What went wrong:
Execution failed for task ':app:connectedDebugAndroidTest' (registered by plugin 'com.android.internal.application').
> There were failing tests. See the report at: file:///home/ubuntu/DarkMed/app/build/reports/androidTests/connected/debug/index.html

* Try:
> Run with --stacktrace option to get the stack trace.
> Run with --info or --debug option to get more log output.
> Run with --scan to get full insights from a Build Scan (powered by Develocity).
> Get more help at https://help.gradle.org.

BUILD FAILED in 2m 57s
76 actionable tasks: 9 executed, 67 up-to-date
