To honour the JVM settings for this build a single-use Daemon process will be forked. For more on this, please refer to https://docs.gradle.org/9.5.1/userguide/gradle_daemon.html#sec:disabling_the_daemon in the Gradle documentation.
Daemon will be stopped at the end of the build 
> Task :app:preBuild UP-TO-DATE
> Task :app:preDebugBuild UP-TO-DATE
> Task :app:generateDebugResources
> Task :app:packageDebugResources
> Task :app:processDebugNavigationResources
> Task :app:parseDebugLocalResources
> Task :app:generateDebugRFile

> Task :app:compileDebugKotlin FAILED
e: file:///home/ubuntu/DarkMed/app/src/main/java/com/darkmed/app/MainActivity.kt:306:13 @Composable invocations can only happen from the context of a @Composable function
e: file:///home/ubuntu/DarkMed/app/src/main/java/com/darkmed/app/MainActivity.kt:307:13 @Composable invocations can only happen from the context of a @Composable function
e: file:///home/ubuntu/DarkMed/app/src/main/java/com/darkmed/app/MainActivity.kt:308:13 @Composable invocations can only happen from the context of a @Composable function
e: file:///home/ubuntu/DarkMed/app/src/main/java/com/darkmed/app/MainActivity.kt:309:13 @Composable invocations can only happen from the context of a @Composable function

FAILURE: Build failed with an exception.

* What went wrong:
Execution failed for task ':app:compileDebugKotlin' (registered by plugin 'com.android.internal.application').
> A failure occurred while executing org.jetbrains.kotlin.compilerRunner.GradleCompilerRunnerWithWorkers$GradleKotlinCompilerWorkAction
   > Compilation error. See log for more details

* Try:
> Run with --stacktrace option to get the stack trace.
> Run with --info or --debug option to get more log output.
> Run with --scan to get full insights from a Build Scan (powered by Develocity).
> Get more help at https://help.gradle.org.

BUILD FAILED in 20s
6 actionable tasks: 6 executed
