To honour the JVM settings for this build a single-use Daemon process will be forked. For more on this, please refer to https://docs.gradle.org/9.5.1/userguide/gradle_daemon.html#sec:disabling_the_daemon in the Gradle documentation.
Daemon will be stopped at the end of the build 
> Task :app:preBuild UP-TO-DATE
> Task :app:preReleaseBuild UP-TO-DATE
> Task :app:configureNdkBuildRelease[arm64-v8a]

> Task :app:buildNdkBuildRelease[arm64-v8a]
C/C++: fatal: not a git repository (or any of the parent directories): .git

> Task :app:configureNdkBuildRelease[armeabi-v7a]

> Task :app:buildNdkBuildRelease[armeabi-v7a]
C/C++: fatal: not a git repository (or any of the parent directories): .git

> Task :app:configureNdkBuildRelease[x86]

> Task :app:buildNdkBuildRelease[x86]
C/C++: fatal: not a git repository (or any of the parent directories): .git

> Task :app:configureNdkBuildRelease[x86_64]

> Task :app:buildNdkBuildRelease[x86_64]
C/C++: fatal: not a git repository (or any of the parent directories): .git

> Task :app:mergeReleaseJniLibFolders
> Task :app:generateReleaseResources UP-TO-DATE
> Task :app:packageReleaseResources UP-TO-DATE
> Task :app:checkReleaseDuplicateClasses
> Task :app:mergeReleaseNativeLibs
> Task :app:processReleaseNavigationResources UP-TO-DATE
> Task :app:parseReleaseLocalResources UP-TO-DATE
> Task :app:generateReleaseRFile UP-TO-DATE
> Task :app:stripReleaseDebugSymbols
> Task :app:compileReleaseKotlin UP-TO-DATE
> Task :app:javaPreCompileRelease UP-TO-DATE
> Task :app:compileReleaseJavaWithJavac NO-SOURCE
> Task :app:checkReleaseAarMetadata
> Task :app:extractReleaseNativeSymbolTables
> Task :app:mapReleaseSourceSetPaths
> Task :app:compileReleaseNavigationResources
> Task :app:mergeReleaseNativeDebugMetadata
> Task :app:createReleaseCompatibleScreenManifests
> Task :app:extractDeepLinksRelease UP-TO-DATE
> Task :app:processReleaseMainManifest UP-TO-DATE
> Task :app:processReleaseManifest
> Task :app:desugarReleaseFileDependencies
> Task :app:mergeReleaseStartupProfile UP-TO-DATE
> Task :app:processReleaseManifestForPackage
> Task :app:generateReleaseAssets UP-TO-DATE
> Task :app:mergeReleaseArtProfile
> Task :app:mergeReleaseAssets
> Task :app:compressReleaseAssets
> Task :app:extractReleaseVersionControlInfo
> Task :app:extractProguardFiles UP-TO-DATE
> Task :app:generateReleaseLintVitalReportModel
> Task :app:processReleaseJavaRes
> Task :app:collectReleaseDependencies
> Task :app:sdkReleaseDependencyData
> Task :app:validateSigningRelease
> Task :app:writeReleaseAppMetadata
> Task :app:writeReleaseSigningConfigVersions
> Task :app:mergeReleaseJavaResource
> Task :app:mergeReleaseResources
> Task :app:processReleaseResources
> Task :app:dexBuilderRelease
> Task :app:optimizeReleaseResources
> Task :app:mergeReleaseGlobalSynthetics
> Task :app:mergeExtDexRelease
> Task :app:mergeDexRelease
> Task :app:compileReleaseArtProfile
> Task :app:lintVitalAnalyzeRelease
> Task :app:lintVitalReportRelease
> Task :app:lintVitalRelease
> Task :app:packageRelease
> Task :app:createReleaseApkListingFileRedirect
> Task :app:assembleRelease

BUILD SUCCESSFUL in 1m 28s
57 actionable tasks: 46 executed, 11 up-to-date
Consider enabling configuration cache to speed up this build: https://docs.gradle.org/9.5.1/userguide/configuration_cache_enabling.html
