nohup: ignoring input
INFO         | Android emulator version 37.1.11.0 (build_id 15917651) (CL:N/A)
INFO         | Graphics backend: gfxstream
INFO         | Found systemPath /home/ubuntu/android-sdk/system-images/android-34/default/x86_64/
INFO         | Saving last run QEMU version for the AVD to 2
INFO         | Guest GLES Driver: Auto (ext controls)
WARNING      | Your AVD has been configured with an in-guest renderer, but the system image does not support guest rendering.Falling back to 'lavapipe' mode.
INFO         | emuglConfig_init: vulkan_mode_selected:lavapipe gles_mode_selected:swangle
INFO         | Checking system compatibility:
INFO         |   Checking: hasSufficientDiskSpace
INFO         |      Ok: Disk space requirements to run avd: `darkmed_api34_default` are met
INFO         |   Checking: hasSufficientHwGpu
INFO         |      Ok: Hardware GPU compatibility checks are not required
INFO         |   Checking: hasSufficientSystem
INFO         |      Ok: System requirements to run avd: `darkmed_api34_default` are met
WARNING      | Feature QuickbootFileBacked is disabled due to stability issues, if you really want that, the environment variable ANDROID_EMU_FORCE_QUICKBOOT_FILE_BACKED need to set to 1
ERROR        | x86_64 emulation currently requires hardware acceleration!
CPU acceleration status: /dev/kvm is not found: VT disabled in BIOS or KVM kernel module not loaded
More info on configuring VM acceleration on Linux:
https://developer.android.com/studio/run/emulator-acceleration#vm-linux
General information on acceleration: https://developer.android.com/studio/run/emulator-acceleration.

