main_secure_flag=PASS
main_obscured_touch_filter=PASS
startup_retry=PASS
biometric_before_authorization=PASS
authorization_before_confirmation=PASS
confirmation_before_wipe=PASS
wipe_success_relocks=PASS
reducer_cancel_resets=PASS
reducer_wipe_failure_is_failed=PASS
security_center_not_verified=PASS
browser_secure_flag=PASS
browser_obscured_touch_filter=PASS
browser_no_file_access=PASS
browser_no_universal_file_access=PASS
browser_no_mixed_content=PASS
browser_no_third_party_cookies=PASS
browser_url_policy=PASS
profile_store_exists=PASS
profile_create_handler=PASS
profile_edit_handler=PASS
profile_duplicate_handler=PASS
profile_delete_handler=PASS
profile_activation_stays_blocked=PASS
launcher_task_affinity_empty=PASS
launcher_single_instance=PASS
cleartext_disabled=PASS
backup_disabled=PASS
