To honour the JVM settings for this build a single-use Daemon process will be forked. For more on this, please refer to https://docs.gradle.org/9.5.1/userguide/gradle_daemon.html#sec:disabling_the_daemon in the Gradle documentation.
Daemon will be stopped at the end of the build 
> Task :app:preBuild UP-TO-DATE
> Task :app:preDebugBuild UP-TO-DATE
> Task :app:generateDebugResources UP-TO-DATE
> Task :app:packageDebugResources UP-TO-DATE
> Task :app:processDebugNavigationResources UP-TO-DATE
> Task :app:parseDebugLocalResources UP-TO-DATE
> Task :app:generateDebugRFile UP-TO-DATE
> Task :app:javaPreCompileDebug UP-TO-DATE
> Task :app:checkDebugAarMetadata UP-TO-DATE
> Task :app:mapDebugSourceSetPaths UP-TO-DATE
> Task :app:compileDebugNavigationResources UP-TO-DATE
> Task :app:mergeDebugResources UP-TO-DATE
> Task :app:createDebugCompatibleScreenManifests UP-TO-DATE
> Task :app:extractDeepLinksDebug UP-TO-DATE
> Task :app:processDebugMainManifest UP-TO-DATE
> Task :app:processDebugManifest UP-TO-DATE
> Task :app:processDebugManifestForPackage UP-TO-DATE
> Task :app:processDebugResources UP-TO-DATE
> Task :app:preDebugUnitTestBuild UP-TO-DATE
> Task :app:javaPreCompileDebugUnitTest UP-TO-DATE
> Task :app:preDebugAndroidTestBuild SKIPPED
> Task :app:extractProguardFiles UP-TO-DATE

> Task :app:compileDebugKotlin
w: file:///home/ubuntu/DarkMed/app/src/main/java/com/darkmed/app/core/BrowserSessionActivity.kt:75:18 'var databaseEnabled: Boolean' is deprecated. Deprecated in Java.
w: file:///home/ubuntu/DarkMed/app/src/main/java/com/darkmed/app/core/BrowserSessionActivity.kt:76:18 'var saveFormData: Boolean' is deprecated. Deprecated in Java.
w: file:///home/ubuntu/DarkMed/app/src/main/java/com/darkmed/app/core/BrowserSessionActivity.kt:79:18 'fun setAllowFileAccessFromFileURLs(p0: Boolean): Unit' is deprecated. Deprecated in Java.
w: file:///home/ubuntu/DarkMed/app/src/main/java/com/darkmed/app/core/BrowserSessionActivity.kt:80:18 'fun setAllowUniversalAccessFromFileURLs(p0: Boolean): Unit' is deprecated. Deprecated in Java.

> Task :app:compileDebugJavaWithJavac NO-SOURCE
> Task :app:processDebugJavaRes UP-TO-DATE
> Task :app:bundleDebugClassesToRuntimeJar
> Task :app:bundleDebugClassesToCompileJar
> Task :app:generateDebugLintReportModel
> Task :app:generateDebugAndroidTestLintModel
> Task :app:generateDebugUnitTestLintModel
> Task :app:compileDebugUnitTestKotlin
> Task :app:compileDebugUnitTestJavaWithJavac NO-SOURCE
> Task :app:processDebugUnitTestJavaRes UP-TO-DATE

> Task :app:testDebugUnitTest FAILED

WebViewSecurityPolicyTest > allowsOnlyHttpAndHttps FAILED
    java.lang.RuntimeException at WebViewSecurityPolicyTest.kt:11

22 tests completed, 1 failed

> Task :app:lintAnalyzeDebug

FAILURE: Build failed with an exception.

* What went wrong:
Execution failed for task ':app:testDebugUnitTest'.
> There were failing tests. See the report at: file:///home/ubuntu/DarkMed/app/build/reports/tests/testDebugUnitTest/index.html

* Try:
> Run with --scan to get full insights from a Build Scan (powered by Develocity).

BUILD FAILED in 43s
29 actionable tasks: 9 executed, 20 up-to-date
