package: name='com.darkmed.app' versionCode='1' versionName='0.1.0' platformBuildVersionName='17' platformBuildVersionCode='37' compileSdkVersion='37' compileSdkVersionCodename='17'
sdkVersion:'29'
targetSdkVersion:'35'
uses-permission: name='android.permission.INTERNET'
uses-permission: name='android.permission.ACCESS_NETWORK_STATE'
uses-permission: name='android.permission.FOREGROUND_SERVICE'
uses-permission: name='android.permission.FOREGROUND_SERVICE_SPECIAL_USE'
uses-permission: name='android.permission.POST_NOTIFICATIONS'
uses-permission: name='android.permission.USE_BIOMETRIC'
uses-permission: name='android.permission.USE_FINGERPRINT'
uses-permission: name='com.darkmed.app.DYNAMIC_RECEIVER_NOT_EXPORTED_PERMISSION'
application-label:'Dark Med'
application-label-af:'Dark Med'
application-label-am:'Dark Med'
application-label-ar:'Dark Med'
application-label-as:'Dark Med'
application-label-az:'Dark Med'
application-label-be:'Dark Med'
application-label-bg:'Dark Med'
application-label-bn:'Dark Med'
application-label-bs:'Dark Med'
application-label-ca:'Dark Med'
application-label-cs:'Dark Med'
application-label-da:'Dark Med'
application-label-de:'Dark Med'
application-label-el:'Dark Med'
application-label-en:'Dark Med'
application-label-en-AU:'Dark Med'
application-label-en-CA:'Dark Med'
application-label-en-GB:'Dark Med'
application-label-en-IN:'Dark Med'
application-label-en-XC:'Dark Med'
application-label-es:'Dark Med'
application-label-es-US:'Dark Med'
application-label-et:'Dark Med'
application-label-eu:'Dark Med'
application-label-fa:'Dark Med'
application-label-fi:'Dark Med'
application-label-fr:'Dark Med'
application-label-fr-CA:'Dark Med'
application-label-gl:'Dark Med'
application-label-gu:'Dark Med'
application-label-hi:'Dark Med'
application-label-hr:'Dark Med'
application-label-hu:'Dark Med'
application-label-hy:'Dark Med'
application-label-in:'Dark Med'
application-label-is:'Dark Med'
application-label-it:'Dark Med'
application-label-iw:'Dark Med'
application-label-ja:'Dark Med'
application-label-ka:'Dark Med'
application-label-kk:'Dark Med'
application-label-km:'Dark Med'
application-label-kn:'Dark Med'
application-label-ko:'Dark Med'
application-label-ky:'Dark Med'
application-label-lo:'Dark Med'
application-label-lt:'Dark Med'
application-label-lv:'Dark Med'
application-label-mk:'Dark Med'
application-label-ml:'Dark Med'
application-label-mn:'Dark Med'
application-label-mr:'Dark Med'
application-label-ms:'Dark Med'
application-label-my:'Dark Med'
application-label-nb:'Dark Med'
application-label-ne:'Dark Med'
application-label-nl:'Dark Med'
application-label-or:'Dark Med'
application-label-pa:'Dark Med'
application-label-pl:'Dark Med'
application-label-pt:'Dark Med'
application-label-pt-BR:'Dark Med'
application-label-pt-PT:'Dark Med'
application-label-ro:'Dark Med'
application-label-ru:'Dark Med'
application-label-si:'Dark Med'
application-label-sk:'Dark Med'
application-label-sl:'Dark Med'
application-label-sq:'Dark Med'
application-label-sr:'Dark Med'
application-label-sr-Latn:'Dark Med'
application-label-sv:'Dark Med'
application-label-sw:'Dark Med'
application-label-ta:'Dark Med'
application-label-te:'Dark Med'
application-label-th:'Dark Med'
application-label-tl:'Dark Med'
application-label-tr:'Dark Med'
application-label-uk:'Dark Med'
application-label-ur:'Dark Med'
application-label-uz:'Dark Med'
application-label-vi:'Dark Med'
application-label-zh-CN:'Dark Med'
application-label-zh-HK:'Dark Med'
application-label-zh-TW:'Dark Med'
application-label-zu:'Dark Med'
application-icon-120:'res/bj.png'
application-icon-160:'res/bj.png'
application-icon-240:'res/bj.png'
application-icon-320:'res/bj.png'
application-icon-480:'res/bj.png'
application-icon-640:'res/bj.png'
application-icon-65534:'res/bj.png'
application-icon-65535:'res/bj.png'
application: label='Dark Med' icon='res/bj.png'
launchable-activity: name='com.darkmed.app.MainActivity'  label='' icon=''
feature-group: label=''
  uses-feature: name='android.hardware.faketouch'
  uses-implied-feature: name='android.hardware.faketouch' reason='default feature for all apps'
main
other-activities
other-receivers
other-services
supports-screens: 'small' 'normal' 'large' 'xlarge'
supports-any-density: 'true'
locales: '--_--' 'af' 'am' 'ar' 'as' 'az' 'be' 'bg' 'bn' 'bs' 'ca' 'cs' 'da' 'de' 'el' 'en' 'en-AU' 'en-CA' 'en-GB' 'en-IN' 'en-XC' 'es' 'es-US' 'et' 'eu' 'fa' 'fi' 'fr' 'fr-CA' 'gl' 'gu' 'hi' 'hr' 'hu' 'hy' 'in' 'is' 'it' 'iw' 'ja' 'ka' 'kk' 'km' 'kn' 'ko' 'ky' 'lo' 'lt' 'lv' 'mk' 'ml' 'mn' 'mr' 'ms' 'my' 'nb' 'ne' 'nl' 'or' 'pa' 'pl' 'pt' 'pt-BR' 'pt-PT' 'ro' 'ru' 'si' 'sk' 'sl' 'sq' 'sr' 'sr-Latn' 'sv' 'sw' 'ta' 'te' 'th' 'tl' 'tr' 'uk' 'ur' 'uz' 'vi' 'zh-CN' 'zh-HK' 'zh-TW' 'zu'
densities: '120' '160' '240' '320' '480' '640' '65534' '65535'
native-code: 'arm64-v8a' 'armeabi-v7a' 'x86' 'x86_64'
