To honour the JVM settings for this build a single-use Daemon process will be forked. For more on this, please refer to https://docs.gradle.org/9.5.1/userguide/gradle_daemon.html#sec:disabling_the_daemon in the Gradle documentation.
Daemon will be stopped at the end of the build 
> Task :app:preBuild UP-TO-DATE
> Task :app:preReleaseBuild UP-TO-DATE
> Task :app:configureNdkBuildRelease[arm64-v8a]

> Task :app:buildNdkBuildRelease[arm64-v8a]
C/C++: fatal: not a git repository (or any of the parent directories): .git
C/C++: In file included from /home/ubuntu/DarkMed/app/src/main/jni/darkmed_tun2socks_jni.cpp:9:
C/C++: /home/ubuntu/DarkMed/app/src/main/jni/hev-socks5-tunnel/third-part/hev-task-system/include/hev-task-io-socket.h:79:53: error: unknown type name 'HevTaskIOYielder'
C/C++:    79 |                                 socklen_t addr_len, HevTaskIOYielder yielder,
C/C++:       |                                                     ^
C/C++: /home/ubuntu/DarkMed/app/src/main/jni/hev-socks5-tunnel/third-part/hev-task-system/include/hev-task-io-socket.h:100:53: error: unknown type name 'HevTaskIOYielder'
C/C++:   100 |                                socklen_t *addr_len, HevTaskIOYielder yielder,
C/C++:       |                                                     ^
C/C++: /home/ubuntu/DarkMed/app/src/main/jni/hev-socks5-tunnel/third-part/hev-task-system/include/hev-task-io-socket.h:122:34: error: unknown type name 'HevTaskIOYielder'
C/C++:   122 |                                  HevTaskIOYielder yielder, void *yielder_data);
C/C++:       |                                  ^
C/C++: /home/ubuntu/DarkMed/app/src/main/jni/hev-socks5-tunnel/third-part/hev-task-system/include/hev-task-io-socket.h:143:34: error: unknown type name 'HevTaskIOYielder'
C/C++:   143 |                                  HevTaskIOYielder yielder, void *yielder_data);
C/C++:       |                                  ^
C/C++: /home/ubuntu/DarkMed/app/src/main/jni/hev-socks5-tunnel/third-part/hev-task-system/include/hev-task-io-socket.h:167:38: error: unknown type name 'HevTaskIOYielder'
C/C++:   167 |                                      HevTaskIOYielder yielder,
C/C++:       |                                      ^
C/C++: /home/ubuntu/DarkMed/app/src/main/jni/hev-socks5-tunnel/third-part/hev-task-system/include/hev-task-io-socket.h:192:56: error: unknown type name 'HevTaskIOYielder'
C/C++:   192 |                                    socklen_t addr_len, HevTaskIOYielder yielder,
C/C++:       |                                                        ^
C/C++: /home/ubuntu/DarkMed/app/src/main/jni/hev-socks5-tunnel/third-part/hev-task-system/include/hev-task-io-socket.h:213:37: error: unknown type name 'HevTaskIOYielder'
C/C++:   213 |                                     HevTaskIOYielder yielder,
C/C++:       |                                     ^
C/C++: /home/ubuntu/DarkMed/app/src/main/jni/hev-socks5-tunnel/third-part/hev-task-system/include/hev-task-io-socket.h:234:37: error: unknown type name 'HevTaskIOYielder'
C/C++:   234 |                                     HevTaskIOYielder yielder,
C/C++:       |                                     ^
C/C++: /home/ubuntu/DarkMed/app/src/main/jni/hev-socks5-tunnel/third-part/hev-task-system/include/hev-task-io-socket.h:256:34: error: unknown type name 'HevTaskIOYielder'
C/C++:   256 |                                  HevTaskIOYielder yielder, void *yielder_data);
C/C++:       |                                  ^
C/C++: /home/ubuntu/DarkMed/app/src/main/jni/hev-socks5-tunnel/third-part/hev-task-system/include/hev-task-io-socket.h:277:34: error: unknown type name 'HevTaskIOYielder'
C/C++:   277 |                                  HevTaskIOYielder yielder, void *yielder_data);
C/C++:       |                                  ^
C/C++: 10 errors generated.
C/C++: make: *** [/home/ubuntu/android-sdk/ndk/27.2.12479018/build/core/build-binary.mk:422: /home/ubuntu/DarkMed/app/build/intermediates/cxx/Release/6z2i4c6m/obj/local/arm64-v8a/objs/darkmed-tun2socks-jni/darkmed_tun2socks_jni.o] Error 1

> Task :app:buildNdkBuildRelease[arm64-v8a] FAILED

FAILURE: Build failed with an exception.

* What went wrong:
Execution failed for task ':app:buildNdkBuildRelease[arm64-v8a]' (registered by plugin 'com.android.internal.application').
> com.android.ide.common.process.ProcessException: [arm64-v8a] Compile++      : darkmed-tun2socks-jni <= darkmed_tun2socks_jni.cpp
  
  C++ build system [build] failed while executing:
      /home/ubuntu/android-sdk/ndk/27.2.12479018/ndk-build \
        NDK_PROJECT_PATH=null \
        APP_BUILD_SCRIPT=/home/ubuntu/DarkMed/app/src/main/jni/Android.mk \
        NDK_APPLICATION_MK=/home/ubuntu/DarkMed/app/src/main/jni/Application.mk \
        APP_ABI=arm64-v8a \
        NDK_ALL_ABIS=arm64-v8a \
        NDK_DEBUG=0 \
        APP_PLATFORM=android-29 \
        NDK_OUT=/home/ubuntu/DarkMed/app/build/intermediates/cxx/Release/6z2i4c6m/obj \
        NDK_LIBS_OUT=/home/ubuntu/DarkMed/app/build/intermediates/cxx/Release/6z2i4c6m/lib \
        darkmed-tun2socks-jni \
        hev-socks5-tunnel \
        hev-socks5-tunnel-bin
    from /home/ubuntu/DarkMed/app
  fatal: not a git repository (or any of the parent directories): .git
  In file included from /home/ubuntu/DarkMed/app/src/main/jni/darkmed_tun2socks_jni.cpp:9:
  /home/ubuntu/DarkMed/app/src/main/jni/hev-socks5-tunnel/third-part/hev-task-system/include/hev-task-io-socket.h:79:53: error: unknown type name 'HevTaskIOYielder'
     79 |                                 socklen_t addr_len, HevTaskIOYielder yielder,
        |                                                     ^
  /home/ubuntu/DarkMed/app/src/main/jni/hev-socks5-tunnel/third-part/hev-task-system/include/hev-task-io-socket.h:100:53: error: unknown type name 'HevTaskIOYielder'
    100 |                                socklen_t *addr_len, HevTaskIOYielder yielder,
        |                                                     ^
  /home/ubuntu/DarkMed/app/src/main/jni/hev-socks5-tunnel/third-part/hev-task-system/include/hev-task-io-socket.h:122:34: error: unknown type name 'HevTaskIOYielder'
    122 |                                  HevTaskIOYielder yielder, void *yielder_data);
        |                                  ^
  /home/ubuntu/DarkMed/app/src/main/jni/hev-socks5-tunnel/third-part/hev-task-system/include/hev-task-io-socket.h:143:34: error: unknown type name 'HevTaskIOYielder'
    143 |                                  HevTaskIOYielder yielder, void *yielder_data);
        |                                  ^
  /home/ubuntu/DarkMed/app/src/main/jni/hev-socks5-tunnel/third-part/hev-task-system/include/hev-task-io-socket.h:167:38: error: unknown type name 'HevTaskIOYielder'
    167 |                                      HevTaskIOYielder yielder,
        |                                      ^
  /home/ubuntu/DarkMed/app/src/main/jni/hev-socks5-tunnel/third-part/hev-task-system/include/hev-task-io-socket.h:192:56: error: unknown type name 'HevTaskIOYielder'
    192 |                                    socklen_t addr_len, HevTaskIOYielder yielder,
        |                                                        ^
  /home/ubuntu/DarkMed/app/src/main/jni/hev-socks5-tunnel/third-part/hev-task-system/include/hev-task-io-socket.h:213:37: error: unknown type name 'HevTaskIOYielder'
    213 |                                     HevTaskIOYielder yielder,
        |                                     ^
  /home/ubuntu/DarkMed/app/src/main/jni/hev-socks5-tunnel/third-part/hev-task-system/include/hev-task-io-socket.h:234:37: error: unknown type name 'HevTaskIOYielder'
    234 |                                     HevTaskIOYielder yielder,
        |                                     ^
  /home/ubuntu/DarkMed/app/src/main/jni/hev-socks5-tunnel/third-part/hev-task-system/include/hev-task-io-socket.h:256:34: error: unknown type name 'HevTaskIOYielder'
    256 |                                  HevTaskIOYielder yielder, void *yielder_data);
        |                                  ^
  /home/ubuntu/DarkMed/app/src/main/jni/hev-socks5-tunnel/third-part/hev-task-system/include/hev-task-io-socket.h:277:34: error: unknown type name 'HevTaskIOYielder'
    277 |                                  HevTaskIOYielder yielder, void *yielder_data);
        |                                  ^
  10 errors generated.
  make: *** [/home/ubuntu/android-sdk/ndk/27.2.12479018/build/core/build-binary.mk:422: /home/ubuntu/DarkMed/app/build/intermediates/cxx/Release/6z2i4c6m/obj/local/arm64-v8a/objs/darkmed-tun2socks-jni/darkmed_tun2socks_jni.o] Error 1

* Try:
> Run with --info or --debug option to get more log output.
> Run with --scan to get full insights from a Build Scan (powered by Develocity).
> Get more help at https://help.gradle.org.

* Exception is:
org.gradle.api.tasks.TaskExecutionException: Execution failed for task ':app:buildNdkBuildRelease[arm64-v8a]' (registered by plugin 'com.android.internal.application').
	at org.gradle.api.internal.tasks.execution.ExecuteActionsTaskExecuter.lambda$executeIfValid$1(ExecuteActionsTaskExecuter.java:135)
	at org.gradle.internal.Try$Failure.ifSuccessfulOrElse(Try.java:288)
	at org.gradle.api.internal.tasks.execution.ExecuteActionsTaskExecuter.executeIfValid(ExecuteActionsTaskExecuter.java:133)
	at org.gradle.api.internal.tasks.execution.ExecuteActionsTaskExecuter.execute(ExecuteActionsTaskExecuter.java:121)
	at org.gradle.api.internal.tasks.execution.ProblemsTaskPathTrackingTaskExecuter.execute(ProblemsTaskPathTrackingTaskExecuter.java:41)
	at org.gradle.api.internal.tasks.execution.ResolveTaskExecutionModeExecuter.execute(ResolveTaskExecutionModeExecuter.java:51)
	at org.gradle.api.internal.tasks.execution.FinalizePropertiesTaskExecuter.execute(FinalizePropertiesTaskExecuter.java:46)
	at org.gradle.api.internal.tasks.execution.SkipTaskWithNoActionsExecuter.execute(SkipTaskWithNoActionsExecuter.java:57)
	at org.gradle.api.internal.tasks.execution.SkipOnlyIfTaskExecuter.execute(SkipOnlyIfTaskExecuter.java:74)
	at org.gradle.api.internal.tasks.execution.CatchExceptionTaskExecuter.execute(CatchExceptionTaskExecuter.java:36)
	at org.gradle.api.internal.tasks.execution.EventFiringTaskExecuter$1.executeTask(EventFiringTaskExecuter.java:77)
	at org.gradle.api.internal.tasks.execution.EventFiringTaskExecuter$1.call(EventFiringTaskExecuter.java:55)
	at org.gradle.api.internal.tasks.execution.EventFiringTaskExecuter$1.call(EventFiringTaskExecuter.java:52)
	at org.gradle.internal.operations.DefaultBuildOperationRunner$CallableBuildOperationWorker.execute(DefaultBuildOperationRunner.java:210)
	at org.gradle.internal.operations.DefaultBuildOperationRunner$CallableBuildOperationWorker.execute(DefaultBuildOperationRunner.java:205)
	at org.gradle.internal.operations.DefaultBuildOperationRunner$2.execute(DefaultBuildOperationRunner.java:67)
	at org.gradle.internal.operations.DefaultBuildOperationRunner$2.execute(DefaultBuildOperationRunner.java:60)
	at org.gradle.internal.operations.DefaultBuildOperationRunner.execute(DefaultBuildOperationRunner.java:167)
	at org.gradle.internal.operations.DefaultBuildOperationRunner.execute(DefaultBuildOperationRunner.java:60)
	at org.gradle.internal.operations.DefaultBuildOperationRunner.call(DefaultBuildOperationRunner.java:54)
	at org.gradle.api.internal.tasks.execution.EventFiringTaskExecuter.execute(EventFiringTaskExecuter.java:52)
	at org.gradle.execution.plan.DefaultNodeExecutor.executeLocalTaskNode(DefaultNodeExecutor.java:55)
	at org.gradle.execution.plan.DefaultNodeExecutor.execute(DefaultNodeExecutor.java:34)
	at org.gradle.execution.taskgraph.DefaultTaskExecutionGraph$InvokeNodeExecutorsAction.execute(DefaultTaskExecutionGraph.java:355)
	at org.gradle.execution.taskgraph.DefaultTaskExecutionGraph$InvokeNodeExecutorsAction.execute(DefaultTaskExecutionGraph.java:343)
	at org.gradle.execution.taskgraph.DefaultTaskExecutionGraph$BuildOperationAwareExecutionAction.lambda$execute$0(DefaultTaskExecutionGraph.java:339)
	at org.gradle.internal.operations.CurrentBuildOperationRef.with(CurrentBuildOperationRef.java:84)
	at org.gradle.execution.taskgraph.DefaultTaskExecutionGraph$BuildOperationAwareExecutionAction.execute(DefaultTaskExecutionGraph.java:339)
	at org.gradle.execution.taskgraph.DefaultTaskExecutionGraph$BuildOperationAwareExecutionAction.execute(DefaultTaskExecutionGraph.java:328)
	at org.gradle.execution.plan.DefaultPlanExecutor$ExecutorWorker.execute(DefaultPlanExecutor.java:459)
	at org.gradle.execution.plan.DefaultPlanExecutor$ExecutorWorker.run(DefaultPlanExecutor.java:376)
	at org.gradle.internal.concurrent.ExecutorPolicy$CatchAndRecordFailures.onExecute(ExecutorPolicy.java:64)
	at org.gradle.internal.concurrent.AbstractManagedExecutor$1.run(AbstractManagedExecutor.java:47)
Caused by: org.gradle.internal.UncheckedException: com.android.ide.common.process.ProcessException: [arm64-v8a] Compile++      : darkmed-tun2socks-jni <= darkmed_tun2socks_jni.cpp

C++ build system [build] failed while executing:
    /home/ubuntu/android-sdk/ndk/27.2.12479018/ndk-build \
      NDK_PROJECT_PATH=null \
      APP_BUILD_SCRIPT=/home/ubuntu/DarkMed/app/src/main/jni/Android.mk \
      NDK_APPLICATION_MK=/home/ubuntu/DarkMed/app/src/main/jni/Application.mk \
      APP_ABI=arm64-v8a \
      NDK_ALL_ABIS=arm64-v8a \
      NDK_DEBUG=0 \
      APP_PLATFORM=android-29 \
      NDK_OUT=/home/ubuntu/DarkMed/app/build/intermediates/cxx/Release/6z2i4c6m/obj \
      NDK_LIBS_OUT=/home/ubuntu/DarkMed/app/build/intermediates/cxx/Release/6z2i4c6m/lib \
      darkmed-tun2socks-jni \
      hev-socks5-tunnel \
      hev-socks5-tunnel-bin
  from /home/ubuntu/DarkMed/app
fatal: not a git repository (or any of the parent directories): .git
In file included from /home/ubuntu/DarkMed/app/src/main/jni/darkmed_tun2socks_jni.cpp:9:
/home/ubuntu/DarkMed/app/src/main/jni/hev-socks5-tunnel/third-part/hev-task-system/include/hev-task-io-socket.h:79:53: error: unknown type name 'HevTaskIOYielder'
   79 |                                 socklen_t addr_len, HevTaskIOYielder yielder,
      |                                                     ^
/home/ubuntu/DarkMed/app/src/main/jni/hev-socks5-tunnel/third-part/hev-task-system/include/hev-task-io-socket.h:100:53: error: unknown type name 'HevTaskIOYielder'
  100 |                                socklen_t *addr_len, HevTaskIOYielder yielder,
      |                                                     ^
/home/ubuntu/DarkMed/app/src/main/jni/hev-socks5-tunnel/third-part/hev-task-system/include/hev-task-io-socket.h:122:34: error: unknown type name 'HevTaskIOYielder'
  122 |                                  HevTaskIOYielder yielder, void *yielder_data);
      |                                  ^
/home/ubuntu/DarkMed/app/src/main/jni/hev-socks5-tunnel/third-part/hev-task-system/include/hev-task-io-socket.h:143:34: error: unknown type name 'HevTaskIOYielder'
  143 |                                  HevTaskIOYielder yielder, void *yielder_data);
      |                                  ^
/home/ubuntu/DarkMed/app/src/main/jni/hev-socks5-tunnel/third-part/hev-task-system/include/hev-task-io-socket.h:167:38: error: unknown type name 'HevTaskIOYielder'
  167 |                                      HevTaskIOYielder yielder,
      |                                      ^
/home/ubuntu/DarkMed/app/src/main/jni/hev-socks5-tunnel/third-part/hev-task-system/include/hev-task-io-socket.h:192:56: error: unknown type name 'HevTaskIOYielder'
  192 |                                    socklen_t addr_len, HevTaskIOYielder yielder,
      |                                                        ^
/home/ubuntu/DarkMed/app/src/main/jni/hev-socks5-tunnel/third-part/hev-task-system/include/hev-task-io-socket.h:213:37: error: unknown type name 'HevTaskIOYielder'
  213 |                                     HevTaskIOYielder yielder,
      |                                     ^
/home/ubuntu/DarkMed/app/src/main/jni/hev-socks5-tunnel/third-part/hev-task-system/include/hev-task-io-socket.h:234:37: error: unknown type name 'HevTaskIOYielder'
  234 |                                     HevTaskIOYielder yielder,
      |                                     ^
/home/ubuntu/DarkMed/app/src/main/jni/hev-socks5-tunnel/third-part/hev-task-system/include/hev-task-io-socket.h:256:34: error: unknown type name 'HevTaskIOYielder'
  256 |                                  HevTaskIOYielder yielder, void *yielder_data);
      |                                  ^
/home/ubuntu/DarkMed/app/src/main/jni/hev-socks5-tunnel/third-part/hev-task-system/include/hev-task-io-socket.h:277:34: error: unknown type name 'HevTaskIOYielder'
  277 |                                  HevTaskIOYielder yielder, void *yielder_data);
      |                                  ^
10 errors generated.
make: *** [/home/ubuntu/android-sdk/ndk/27.2.12479018/build/core/build-binary.mk:422: /home/ubuntu/DarkMed/app/build/intermediates/cxx/Release/6z2i4c6m/obj/local/arm64-v8a/objs/darkmed-tun2socks-jni/darkmed_tun2socks_jni.o] Error 1
	at org.gradle.internal.UncheckedException.throwAsUncheckedException(UncheckedException.java:69)
	at org.gradle.internal.UncheckedException.throwAsUncheckedException(UncheckedException.java:42)
	at org.gradle.internal.reflect.JavaMethod.invoke(JavaMethod.java:129)
	at org.gradle.api.internal.project.taskfactory.StandardTaskAction.doExecute(StandardTaskAction.java:58)
	at org.gradle.api.internal.project.taskfactory.StandardTaskAction.execute(StandardTaskAction.java:51)
	at org.gradle.api.internal.project.taskfactory.StandardTaskAction.execute(StandardTaskAction.java:29)
	at org.gradle.api.internal.tasks.execution.TaskExecution$3.run(TaskExecution.java:259)
	at org.gradle.internal.operations.DefaultBuildOperationRunner$1.execute(DefaultBuildOperationRunner.java:30)
	at org.gradle.internal.operations.DefaultBuildOperationRunner$1.execute(DefaultBuildOperationRunner.java:27)
	at org.gradle.internal.operations.DefaultBuildOperationRunner$2.execute(DefaultBuildOperationRunner.java:67)
	at org.gradle.internal.operations.DefaultBuildOperationRunner$2.execute(DefaultBuildOperationRunner.java:60)
	at org.gradle.internal.operations.DefaultBuildOperationRunner.execute(DefaultBuildOperationRunner.java:167)
	at org.gradle.internal.operations.DefaultBuildOperationRunner.execute(DefaultBuildOperationRunner.java:60)
	at org.gradle.internal.operations.DefaultBuildOperationRunner.run(DefaultBuildOperationRunner.java:48)
	at org.gradle.api.internal.tasks.execution.TaskExecution.executeAction(TaskExecution.java:244)
	at org.gradle.api.internal.tasks.execution.TaskExecution.executeActions(TaskExecution.java:227)
	at org.gradle.api.internal.tasks.execution.TaskExecution.executeWithPreviousOutputFiles(TaskExecution.java:210)
	at org.gradle.api.internal.tasks.execution.TaskExecution.execute(TaskExecution.java:176)
	at org.gradle.internal.execution.steps.ExecuteStep.executeInternal(ExecuteStep.java:167)
	at org.gradle.internal.execution.steps.ExecuteStep.access$000(ExecuteStep.java:47)
	at org.gradle.internal.execution.steps.ExecuteStep$1.call(ExecuteStep.java:137)
	at org.gradle.internal.execution.steps.ExecuteStep$1.call(ExecuteStep.java:134)
	at org.gradle.internal.operations.DefaultBuildOperationRunner$CallableBuildOperationWorker.execute(DefaultBuildOperationRunner.java:210)
	at org.gradle.internal.operations.DefaultBuildOperationRunner$CallableBuildOperationWorker.execute(DefaultBuildOperationRunner.java:205)
	at org.gradle.internal.operations.DefaultBuildOperationRunner$2.execute(DefaultBuildOperationRunner.java:67)
	at org.gradle.internal.operations.DefaultBuildOperationRunner$2.execute(DefaultBuildOperationRunner.java:60)
	at org.gradle.internal.operations.DefaultBuildOperationRunner.execute(DefaultBuildOperationRunner.java:167)
	at org.gradle.internal.operations.DefaultBuildOperationRunner.execute(DefaultBuildOperationRunner.java:60)
	at org.gradle.internal.operations.DefaultBuildOperationRunner.call(DefaultBuildOperationRunner.java:54)
	at org.gradle.internal.execution.steps.ExecuteStep.execute(ExecuteStep.java:134)
	at org.gradle.internal.execution.steps.ExecuteStep$Mutable.execute(ExecuteStep.java:80)
	at org.gradle.internal.execution.steps.CancelExecutionStep.execute(CancelExecutionStep.java:42)
	at org.gradle.internal.execution.steps.TimeoutStep.executeWithoutTimeout(TimeoutStep.java:75)
	at org.gradle.internal.execution.steps.TimeoutStep.execute(TimeoutStep.java:55)
	at org.gradle.internal.execution.steps.PreCreateOutputParentsStep.execute(PreCreateOutputParentsStep.java:51)
	at org.gradle.internal.execution.steps.PreCreateOutputParentsStep.execute(PreCreateOutputParentsStep.java:29)
	at org.gradle.internal.execution.steps.RemovePreviousOutputsStep.executeMutable(RemovePreviousOutputsStep.java:67)
	at org.gradle.internal.execution.steps.RemovePreviousOutputsStep.executeMutable(RemovePreviousOutputsStep.java:39)
	at org.gradle.internal.execution.steps.MutableStep.execute(MutableStep.java:26)
	at org.gradle.internal.execution.steps.BroadcastChangingOutputsStep.execute(BroadcastChangingOutputsStep.java:42)
	at org.gradle.internal.execution.steps.BroadcastChangingOutputsStep.execute(BroadcastChangingOutputsStep.java:24)
	at org.gradle.internal.execution.steps.CaptureOutputsAfterExecutionStep.execute(CaptureOutputsAfterExecutionStep.java:69)
	at org.gradle.internal.execution.steps.CaptureOutputsAfterExecutionStep.execute(CaptureOutputsAfterExecutionStep.java:46)
	at org.gradle.internal.execution.steps.ResolveInputChangesStep.executeMutable(ResolveInputChangesStep.java:39)
	at org.gradle.internal.execution.steps.ResolveInputChangesStep.executeMutable(ResolveInputChangesStep.java:28)
	at org.gradle.internal.execution.steps.MutableStep.execute(MutableStep.java:26)
	at org.gradle.internal.execution.steps.BuildCacheStep.executeWithoutCache(BuildCacheStep.java:189)
	at org.gradle.internal.execution.steps.BuildCacheStep.lambda$execute$1(BuildCacheStep.java:76)
	at org.gradle.internal.Either$Right.fold(Either.java:176)
	at org.gradle.internal.execution.caching.CachingState.fold(CachingState.java:62)
	at org.gradle.internal.execution.steps.BuildCacheStep.execute(BuildCacheStep.java:74)
	at org.gradle.internal.execution.steps.BuildCacheStep.execute(BuildCacheStep.java:49)
	at org.gradle.internal.execution.steps.StoreExecutionStateStep.executeMutable(StoreExecutionStateStep.java:46)
	at org.gradle.internal.execution.steps.StoreExecutionStateStep.executeMutable(StoreExecutionStateStep.java:35)
	at org.gradle.internal.execution.steps.MutableStep.execute(MutableStep.java:26)
	at org.gradle.internal.execution.steps.SkipUpToDateStep.executeBecause(SkipUpToDateStep.java:75)
	at org.gradle.internal.execution.steps.SkipUpToDateStep.lambda$execute$2(SkipUpToDateStep.java:53)
	at org.gradle.internal.execution.steps.SkipUpToDateStep.execute(SkipUpToDateStep.java:53)
	at org.gradle.internal.execution.steps.SkipUpToDateStep.execute(SkipUpToDateStep.java:35)
	at org.gradle.internal.execution.steps.legacy.MarkSnapshottingInputsFinishedStep.execute(MarkSnapshottingInputsFinishedStep.java:37)
	at org.gradle.internal.execution.steps.legacy.MarkSnapshottingInputsFinishedStep.execute(MarkSnapshottingInputsFinishedStep.java:27)
	at org.gradle.internal.execution.steps.ResolveMutableCachingStateStep.executeDelegate(ResolveMutableCachingStateStep.java:70)
	at org.gradle.internal.execution.steps.ResolveMutableCachingStateStep.executeDelegate(ResolveMutableCachingStateStep.java:32)
	at org.gradle.internal.execution.steps.AbstractResolveCachingStateStep.execute(AbstractResolveCachingStateStep.java:69)
	at org.gradle.internal.execution.steps.AbstractResolveCachingStateStep.execute(AbstractResolveCachingStateStep.java:37)
	at org.gradle.internal.execution.steps.ResolveChangesStep.executeMutable(ResolveChangesStep.java:63)
	at org.gradle.internal.execution.steps.ResolveChangesStep.executeMutable(ResolveChangesStep.java:34)
	at org.gradle.internal.execution.steps.MutableStep.execute(MutableStep.java:26)
	at org.gradle.internal.execution.steps.ValidateStep$Mutable.executeDelegate(ValidateStep.java:79)
	at org.gradle.internal.execution.steps.ValidateStep$Mutable.executeDelegate(ValidateStep.java:65)
	at org.gradle.internal.execution.steps.ValidateStep.execute(ValidateStep.java:99)
	at org.gradle.internal.execution.steps.ValidateStep$Mutable.execute(ValidateStep.java:65)
	at org.gradle.internal.execution.steps.CaptureMutableStateBeforeExecutionStep.executeMutable(CaptureMutableStateBeforeExecutionStep.java:86)
	at org.gradle.internal.execution.steps.CaptureMutableStateBeforeExecutionStep.execute(CaptureMutableStateBeforeExecutionStep.java:65)
	at org.gradle.internal.execution.steps.CaptureMutableStateBeforeExecutionStep.execute(CaptureMutableStateBeforeExecutionStep.java:45)
	at org.gradle.internal.execution.steps.SkipEmptyMutableWorkStep.executeWithNonEmptySources(SkipEmptyMutableWorkStep.java:210)
	at org.gradle.internal.execution.steps.SkipEmptyMutableWorkStep.executeMutable(SkipEmptyMutableWorkStep.java:85)
	at org.gradle.internal.execution.steps.SkipEmptyMutableWorkStep.executeMutable(SkipEmptyMutableWorkStep.java:53)
	at org.gradle.internal.execution.steps.MutableStep.execute(MutableStep.java:26)
	at org.gradle.internal.execution.steps.legacy.MarkSnapshottingInputsStartedStep.execute(MarkSnapshottingInputsStartedStep.java:38)
	at org.gradle.internal.execution.steps.LoadPreviousExecutionStateStep.executeMutable(LoadPreviousExecutionStateStep.java:36)
	at org.gradle.internal.execution.steps.LoadPreviousExecutionStateStep.executeMutable(LoadPreviousExecutionStateStep.java:23)
	at org.gradle.internal.execution.steps.MutableStep.execute(MutableStep.java:26)
	at org.gradle.internal.execution.steps.HandleStaleOutputsStep.executeMutable(HandleStaleOutputsStep.java:77)
	at org.gradle.internal.execution.steps.HandleStaleOutputsStep.executeMutable(HandleStaleOutputsStep.java:43)
	at org.gradle.internal.execution.steps.MutableStep.execute(MutableStep.java:26)
	at org.gradle.internal.execution.steps.AssignMutableWorkspaceStep.lambda$executeMutable$0(AssignMutableWorkspaceStep.java:34)
	at org.gradle.api.internal.tasks.execution.TaskExecution$4.withWorkspace(TaskExecution.java:305)
	at org.gradle.internal.execution.steps.AssignMutableWorkspaceStep.executeMutable(AssignMutableWorkspaceStep.java:30)
	at org.gradle.internal.execution.steps.AssignMutableWorkspaceStep.executeMutable(AssignMutableWorkspaceStep.java:21)
	at org.gradle.internal.execution.steps.MutableStep.execute(MutableStep.java:26)
	at org.gradle.internal.execution.steps.ChoosePipelineStep.execute(ChoosePipelineStep.java:40)
	at org.gradle.internal.execution.steps.ChoosePipelineStep.execute(ChoosePipelineStep.java:23)
	at org.gradle.internal.execution.steps.ExecuteWorkBuildOperationFiringStep.lambda$execute$2(ExecuteWorkBuildOperationFiringStep.java:67)
	at org.gradle.internal.execution.steps.ExecuteWorkBuildOperationFiringStep.execute(ExecuteWorkBuildOperationFiringStep.java:67)
	at org.gradle.internal.execution.steps.ExecuteWorkBuildOperationFiringStep.execute(ExecuteWorkBuildOperationFiringStep.java:39)
	at org.gradle.internal.execution.steps.IdentityCacheStep.execute(IdentityCacheStep.java:46)
	at org.gradle.internal.execution.steps.IdentityCacheStep.execute(IdentityCacheStep.java:34)
	at org.gradle.internal.execution.steps.IdentifyStep.execute(IdentifyStep.java:56)
	at org.gradle.internal.execution.steps.IdentifyStep.execute(IdentifyStep.java:38)
	at org.gradle.internal.execution.impl.DefaultExecutionEngine$1.execute(DefaultExecutionEngine.java:68)
	at org.gradle.api.internal.tasks.execution.ExecuteActionsTaskExecuter.executeIfValid(ExecuteActionsTaskExecuter.java:132)
	... 30 more
Caused by: com.android.ide.common.process.ProcessException: [arm64-v8a] Compile++      : darkmed-tun2socks-jni <= darkmed_tun2socks_jni.cpp

C++ build system [build] failed while executing:
    /home/ubuntu/android-sdk/ndk/27.2.12479018/ndk-build \
      NDK_PROJECT_PATH=null \
      APP_BUILD_SCRIPT=/home/ubuntu/DarkMed/app/src/main/jni/Android.mk \
      NDK_APPLICATION_MK=/home/ubuntu/DarkMed/app/src/main/jni/Application.mk \
      APP_ABI=arm64-v8a \
      NDK_ALL_ABIS=arm64-v8a \
      NDK_DEBUG=0 \
      APP_PLATFORM=android-29 \
      NDK_OUT=/home/ubuntu/DarkMed/app/build/intermediates/cxx/Release/6z2i4c6m/obj \
      NDK_LIBS_OUT=/home/ubuntu/DarkMed/app/build/intermediates/cxx/Release/6z2i4c6m/lib \
      darkmed-tun2socks-jni \
      hev-socks5-tunnel \
      hev-socks5-tunnel-bin
  from /home/ubuntu/DarkMed/app
fatal: not a git repository (or any of the parent directories): .git
In file included from /home/ubuntu/DarkMed/app/src/main/jni/darkmed_tun2socks_jni.cpp:9:
/home/ubuntu/DarkMed/app/src/main/jni/hev-socks5-tunnel/third-part/hev-task-system/include/hev-task-io-socket.h:79:53: error: unknown type name 'HevTaskIOYielder'
   79 |                                 socklen_t addr_len, HevTaskIOYielder yielder,
      |                                                     ^
/home/ubuntu/DarkMed/app/src/main/jni/hev-socks5-tunnel/third-part/hev-task-system/include/hev-task-io-socket.h:100:53: error: unknown type name 'HevTaskIOYielder'
  100 |                                socklen_t *addr_len, HevTaskIOYielder yielder,
      |                                                     ^
/home/ubuntu/DarkMed/app/src/main/jni/hev-socks5-tunnel/third-part/hev-task-system/include/hev-task-io-socket.h:122:34: error: unknown type name 'HevTaskIOYielder'
  122 |                                  HevTaskIOYielder yielder, void *yielder_data);
      |                                  ^
/home/ubuntu/DarkMed/app/src/main/jni/hev-socks5-tunnel/third-part/hev-task-system/include/hev-task-io-socket.h:143:34: error: unknown type name 'HevTaskIOYielder'
  143 |                                  HevTaskIOYielder yielder, void *yielder_data);
      |                                  ^
/home/ubuntu/DarkMed/app/src/main/jni/hev-socks5-tunnel/third-part/hev-task-system/include/hev-task-io-socket.h:167:38: error: unknown type name 'HevTaskIOYielder'
  167 |                                      HevTaskIOYielder yielder,
      |                                      ^
/home/ubuntu/DarkMed/app/src/main/jni/hev-socks5-tunnel/third-part/hev-task-system/include/hev-task-io-socket.h:192:56: error: unknown type name 'HevTaskIOYielder'
  192 |                                    socklen_t addr_len, HevTaskIOYielder yielder,
      |                                                        ^
/home/ubuntu/DarkMed/app/src/main/jni/hev-socks5-tunnel/third-part/hev-task-system/include/hev-task-io-socket.h:213:37: error: unknown type name 'HevTaskIOYielder'
  213 |                                     HevTaskIOYielder yielder,
      |                                     ^
/home/ubuntu/DarkMed/app/src/main/jni/hev-socks5-tunnel/third-part/hev-task-system/include/hev-task-io-socket.h:234:37: error: unknown type name 'HevTaskIOYielder'
  234 |                                     HevTaskIOYielder yielder,
      |                                     ^
/home/ubuntu/DarkMed/app/src/main/jni/hev-socks5-tunnel/third-part/hev-task-system/include/hev-task-io-socket.h:256:34: error: unknown type name 'HevTaskIOYielder'
  256 |                                  HevTaskIOYielder yielder, void *yielder_data);
      |                                  ^
/home/ubuntu/DarkMed/app/src/main/jni/hev-socks5-tunnel/third-part/hev-task-system/include/hev-task-io-socket.h:277:34: error: unknown type name 'HevTaskIOYielder'
  277 |                                  HevTaskIOYielder yielder, void *yielder_data);
      |                                  ^
10 errors generated.
make: *** [/home/ubuntu/android-sdk/ndk/27.2.12479018/build/core/build-binary.mk:422: /home/ubuntu/DarkMed/app/build/intermediates/cxx/Release/6z2i4c6m/obj/local/arm64-v8a/objs/darkmed-tun2socks-jni/darkmed_tun2socks_jni.o] Error 1
	at com.android.build.gradle.internal.cxx.process.ExecuteProcessKt.execute(ExecuteProcess.kt:260)
	at com.android.build.gradle.internal.cxx.process.ExecuteProcessKt$executeProcess$1.invoke(ExecuteProcess.kt:95)
	at com.android.build.gradle.internal.cxx.process.ExecuteProcessKt$executeProcess$1.invoke(ExecuteProcess.kt:93)
	at com.android.build.gradle.internal.cxx.timing.TimingEnvironmentKt.time(TimingEnvironment.kt:28)
	at com.android.build.gradle.internal.cxx.process.ExecuteProcessKt.executeProcess(ExecuteProcess.kt:93)
	at com.android.build.gradle.internal.cxx.process.ExecuteProcessKt.executeProcess$default(ExecuteProcess.kt:70)
	at com.android.build.gradle.internal.cxx.build.CxxRegularBuilder.executeProcessBatch(CxxRegularBuilder.kt:283)
	at com.android.build.gradle.internal.cxx.build.CxxRegularBuilder.build(CxxRegularBuilder.kt:107)
	at com.android.build.gradle.tasks.ExternalNativeBuildTask.doTaskAction(ExternalNativeBuildTask.kt:61)
	at com.android.build.gradle.internal.tasks.UnsafeOutputsTask$taskAction$$inlined$recordTaskAction$1.invoke(BaseTask.kt:71)
	at com.android.build.gradle.internal.tasks.Blocks.recordSpan(Blocks.java:51)
	at com.android.build.gradle.internal.tasks.UnsafeOutputsTask.taskAction(UnsafeOutputsTask.kt:72)
	at org.gradle.internal.reflect.JavaMethod.invoke(JavaMethod.java:125)
	... 129 more
Caused by: com.android.ide.common.process.ProcessException: [arm64-v8a] Compile++      : darkmed-tun2socks-jni <= darkmed_tun2socks_jni.cpp

C++ build system [build] failed while executing:
    /home/ubuntu/android-sdk/ndk/27.2.12479018/ndk-build \
      NDK_PROJECT_PATH=null \
      APP_BUILD_SCRIPT=/home/ubuntu/DarkMed/app/src/main/jni/Android.mk \
      NDK_APPLICATION_MK=/home/ubuntu/DarkMed/app/src/main/jni/Application.mk \
      APP_ABI=arm64-v8a \
      NDK_ALL_ABIS=arm64-v8a \
      NDK_DEBUG=0 \
      APP_PLATFORM=android-29 \
      NDK_OUT=/home/ubuntu/DarkMed/app/build/intermediates/cxx/Release/6z2i4c6m/obj \
      NDK_LIBS_OUT=/home/ubuntu/DarkMed/app/build/intermediates/cxx/Release/6z2i4c6m/lib \
      darkmed-tun2socks-jni \
      hev-socks5-tunnel \
      hev-socks5-tunnel-bin
  from /home/ubuntu/DarkMed/app
fatal: not a git repository (or any of the parent directories): .git
In file included from /home/ubuntu/DarkMed/app/src/main/jni/darkmed_tun2socks_jni.cpp:9:
/home/ubuntu/DarkMed/app/src/main/jni/hev-socks5-tunnel/third-part/hev-task-system/include/hev-task-io-socket.h:79:53: error: unknown type name 'HevTaskIOYielder'
   79 |                                 socklen_t addr_len, HevTaskIOYielder yielder,
      |                                                     ^
/home/ubuntu/DarkMed/app/src/main/jni/hev-socks5-tunnel/third-part/hev-task-system/include/hev-task-io-socket.h:100:53: error: unknown type name 'HevTaskIOYielder'
  100 |                                socklen_t *addr_len, HevTaskIOYielder yielder,
      |                                                     ^
/home/ubuntu/DarkMed/app/src/main/jni/hev-socks5-tunnel/third-part/hev-task-system/include/hev-task-io-socket.h:122:34: error: unknown type name 'HevTaskIOYielder'
  122 |                                  HevTaskIOYielder yielder, void *yielder_data);
      |                                  ^
/home/ubuntu/DarkMed/app/src/main/jni/hev-socks5-tunnel/third-part/hev-task-system/include/hev-task-io-socket.h:143:34: error: unknown type name 'HevTaskIOYielder'
  143 |                                  HevTaskIOYielder yielder, void *yielder_data);
      |                                  ^
/home/ubuntu/DarkMed/app/src/main/jni/hev-socks5-tunnel/third-part/hev-task-system/include/hev-task-io-socket.h:167:38: error: unknown type name 'HevTaskIOYielder'
  167 |                                      HevTaskIOYielder yielder,
      |                                      ^
/home/ubuntu/DarkMed/app/src/main/jni/hev-socks5-tunnel/third-part/hev-task-system/include/hev-task-io-socket.h:192:56: error: unknown type name 'HevTaskIOYielder'
  192 |                                    socklen_t addr_len, HevTaskIOYielder yielder,
      |                                                        ^
/home/ubuntu/DarkMed/app/src/main/jni/hev-socks5-tunnel/third-part/hev-task-system/include/hev-task-io-socket.h:213:37: error: unknown type name 'HevTaskIOYielder'
  213 |                                     HevTaskIOYielder yielder,
      |                                     ^
/home/ubuntu/DarkMed/app/src/main/jni/hev-socks5-tunnel/third-part/hev-task-system/include/hev-task-io-socket.h:234:37: error: unknown type name 'HevTaskIOYielder'
  234 |                                     HevTaskIOYielder yielder,
      |                                     ^
/home/ubuntu/DarkMed/app/src/main/jni/hev-socks5-tunnel/third-part/hev-task-system/include/hev-task-io-socket.h:256:34: error: unknown type name 'HevTaskIOYielder'
  256 |                                  HevTaskIOYielder yielder, void *yielder_data);
      |                                  ^
/home/ubuntu/DarkMed/app/src/main/jni/hev-socks5-tunnel/third-part/hev-task-system/include/hev-task-io-socket.h:277:34: error: unknown type name 'HevTaskIOYielder'
  277 |                                  HevTaskIOYielder yielder, void *yielder_data);
      |                                  ^
10 errors generated.
make: *** [/home/ubuntu/android-sdk/ndk/27.2.12479018/build/core/build-binary.mk:422: /home/ubuntu/DarkMed/app/build/intermediates/cxx/Release/6z2i4c6m/obj/local/arm64-v8a/objs/darkmed-tun2socks-jni/darkmed_tun2socks_jni.o] Error 1
	at com.android.build.gradle.internal.cxx.process.ExecuteProcessKt.execute(ExecuteProcess.kt:241)
	... 141 more


BUILD FAILED in 58s
2 actionable tasks: 2 executed
